// Jest Snapshot v1, https://goo.gl/fbAQLP

exports[`<Title /> component renders correctly Default 1`] = `
<h1
  className="app-title"
>
  My title
</h1>
`;

exports[`<Title /> component renders correctly Subtitle 1`] = `
<h2
  className="app-title app-title--subtitle"
>
  My subtitle
</h2>
`;
